// Jest Snapshot v1, https://goo.gl/fbAQLP

exports[`Main should render correctly in "debug" mode 1`] = `
<Fragment>
  <BrowserRouter>
    <Connect(AuthWrapper) />
  </BrowserRouter>
</Fragment>
`;
