// Jest Snapshot v1, https://goo.gl/fbAQLP

exports[`Navbar should render correctly in "debug" mode 1`] = `
<Fragment>
  <header
    className="nav-header"
  >
    <div
      className="flex justify-content-sb"
    >
      <Link
        to="/"
      >
        <h1
          className="brand-name flex"
        >
          <span
            className="black"
          >
            EPIC Mail
          </span>
          <span
            className="brand-image"
          />
        </h1>
      </Link>
      <div
        className="align-self"
      >
        <h3
          className="m-0  sign-in-out"
        />
      </div>
    </div>
  </header>
</Fragment>
`;
