// Jest Snapshot v1, https://goo.gl/fbAQLP

exports[`Toast Component Should render without errors 1`] = `
<h4
  className="center-text"
>
  welcome
</h4>
`;
